// Jest Snapshot v1, https://goo.gl/fbAQLP

exports[`BlockText should render correctly 1`] = `
<styled__Container
  border={null}
  responsive={
    Array [
      "A",
    ]
  }
>
  <Text
    field={
      Object {
        "content": Object {
          "text": Object {
            "0": "Un text",
            "1": "Some text",
          },
        },
        "responsiveSettings": Array [
          "M",
          "T",
          "D",
        ],
        "settings": Object {
          "basis": Object {
            "D": Object {
              "padding": Object {
                "bottom": "0",
                "left": "0",
                "right": "0",
                "top": "0",
              },
            },
            "M": Object {
              "padding": Object {
                "bottom": "0",
                "left": "0",
                "right": "0",
                "top": "0",
              },
            },
            "T": Object {
              "padding": Object {
                "bottom": "0",
                "left": "0",
                "right": "0",
                "top": "0",
              },
            },
          },
          "border": Object {
            "D": Object {
              "color": Object {
                "hex": "transparent",
                "name": "Transparent",
                "rgb": "",
                "shade": null,
              },
              "opacity": Object {
                "value": "1",
              },
              "radius": Object {
                "bottomLeft": "0",
                "bottomRight": "0",
                "topLeft": "0",
                "topRight": "0",
              },
              "width": Object {
                "bottom": "0",
                "left": "0",
                "right": "0",
                "top": "0",
              },
            },
            "M": Object {
              "color": Object {
                "hex": "transparent",
                "name": "Transparent",
                "rgb": "",
                "shade": null,
              },
              "opacity": Object {
                "value": "1",
              },
              "radius": Object {
                "bottomLeft": "0",
                "bottomRight": "0",
                "topLeft": "0",
                "topRight": "0",
              },
              "width": Object {
                "bottom": "0",
                "left": "0",
                "right": "0",
                "top": "0",
              },
            },
            "T": Object {
              "color": Object {
                "hex": "transparent",
                "name": "Transparent",
                "rgb": "",
                "shade": null,
              },
              "opacity": Object {
                "value": "1",
              },
              "radius": Object {
                "bottomLeft": "0",
                "bottomRight": "0",
                "topLeft": "0",
                "topRight": "0",
              },
              "width": Object {
                "bottom": "0",
                "left": "0",
                "right": "0",
                "top": "0",
              },
            },
          },
          "seo": Object {
            "tag": "h2",
          },
          "typography": Object {
            "D": Object {
              "color": Object {
                "hex": "#000000",
                "name": "black",
                "rgb": "0,0,0",
                "shade": null,
              },
              "font": Object {
                "family": null,
                "letterSpacing": "0",
                "lineHeight": null,
                "size": null,
                "style": null,
                "theme": "Title3",
                "typeface": null,
                "weight": null,
              },
              "opacity": Object {
                "value": "1",
              },
              "text": Object {
                "align": "left",
                "decoration": null,
                "transform": null,
              },
            },
            "M": Object {
              "color": Object {
                "hex": "#000000",
                "name": "black",
                "rgb": "0,0,0",
                "shade": null,
              },
              "font": Object {
                "family": null,
                "letterSpacing": "0",
                "lineHeight": null,
                "size": null,
                "style": null,
                "theme": "Title3",
                "typeface": null,
                "weight": null,
              },
              "opacity": Object {
                "value": "1",
              },
              "text": Object {
                "align": "left",
                "decoration": null,
                "transform": null,
              },
            },
            "T": Object {
              "color": Object {
                "hex": "#000000",
                "name": "black",
                "rgb": "0,0,0",
                "shade": null,
              },
              "font": Object {
                "family": null,
                "letterSpacing": "0",
                "lineHeight": null,
                "size": null,
                "style": null,
                "theme": "Title3",
                "typeface": null,
                "weight": null,
              },
              "opacity": Object {
                "value": "1",
              },
              "text": Object {
                "align": "left",
                "decoration": null,
                "transform": null,
              },
            },
          },
        },
      }
    }
    key="0"
    language={0}
  />
  <Text
    field={
      Object {
        "content": Object {
          "text": Object {
            "0": "Un text",
            "1": "Some text",
          },
        },
        "responsiveSettings": Array [
          "M",
          "T",
          "D",
        ],
        "settings": Object {
          "basis": Object {
            "D": Object {
              "padding": Object {
                "bottom": "0",
                "left": "0",
                "right": "0",
                "top": "0",
              },
            },
            "M": Object {
              "padding": Object {
                "bottom": "0",
                "left": "0",
                "right": "0",
                "top": "0",
              },
            },
            "T": Object {
              "padding": Object {
                "bottom": "0",
                "left": "0",
                "right": "0",
                "top": "0",
              },
            },
          },
          "border": Object {
            "D": Object {
              "color": Object {
                "hex": "transparent",
                "name": "Transparent",
                "rgb": "",
                "shade": null,
              },
              "opacity": Object {
                "value": "1",
              },
              "radius": Object {
                "bottomLeft": "0",
                "bottomRight": "0",
                "topLeft": "0",
                "topRight": "0",
              },
              "width": Object {
                "bottom": "0",
                "left": "0",
                "right": "0",
                "top": "0",
              },
            },
            "M": Object {
              "color": Object {
                "hex": "transparent",
                "name": "Transparent",
                "rgb": "",
                "shade": null,
              },
              "opacity": Object {
                "value": "1",
              },
              "radius": Object {
                "bottomLeft": "0",
                "bottomRight": "0",
                "topLeft": "0",
                "topRight": "0",
              },
              "width": Object {
                "bottom": "0",
                "left": "0",
                "right": "0",
                "top": "0",
              },
            },
            "T": Object {
              "color": Object {
                "hex": "transparent",
                "name": "Transparent",
                "rgb": "",
                "shade": null,
              },
              "opacity": Object {
                "value": "1",
              },
              "radius": Object {
                "bottomLeft": "0",
                "bottomRight": "0",
                "topLeft": "0",
                "topRight": "0",
              },
              "width": Object {
                "bottom": "0",
                "left": "0",
                "right": "0",
                "top": "0",
              },
            },
          },
          "seo": Object {
            "tag": "h2",
          },
          "typography": Object {
            "D": Object {
              "color": Object {
                "hex": "#000000",
                "name": "black",
                "rgb": "0,0,0",
                "shade": null,
              },
              "font": Object {
                "family": null,
                "letterSpacing": "0",
                "lineHeight": null,
                "size": null,
                "style": null,
                "theme": "Title3",
                "typeface": null,
                "weight": null,
              },
              "opacity": Object {
                "value": "1",
              },
              "text": Object {
                "align": "left",
                "decoration": null,
                "transform": null,
              },
            },
            "M": Object {
              "color": Object {
                "hex": "#000000",
                "name": "black",
                "rgb": "0,0,0",
                "shade": null,
              },
              "font": Object {
                "family": null,
                "letterSpacing": "0",
                "lineHeight": null,
                "size": null,
                "style": null,
                "theme": "Title3",
                "typeface": null,
                "weight": null,
              },
              "opacity": Object {
                "value": "1",
              },
              "text": Object {
                "align": "left",
                "decoration": null,
                "transform": null,
              },
            },
            "T": Object {
              "color": Object {
                "hex": "#000000",
                "name": "black",
                "rgb": "0,0,0",
                "shade": null,
              },
              "font": Object {
                "family": null,
                "letterSpacing": "0",
                "lineHeight": null,
                "size": null,
                "style": null,
                "theme": "Title3",
                "typeface": null,
                "weight": null,
              },
              "opacity": Object {
                "value": "1",
              },
              "text": Object {
                "align": "left",
                "decoration": null,
                "transform": null,
              },
            },
          },
        },
      }
    }
    key="1"
    language={0}
  />
  <Content
    field={
      Object {
        "content": Object {
          "html": Object {
            "0": "<p>Contenu</p",
            "1": "<p>Inner</p>",
          },
        },
        "responsiveSettings": Array [
          "A",
        ],
        "settings": Object {
          "basis": Object {
            "D": Object {
              "padding": Object {
                "bottom": "0",
                "left": "0",
                "right": "0",
                "top": "0",
              },
            },
            "M": Object {
              "padding": Object {
                "bottom": "0",
                "left": "0",
                "right": "0",
                "top": "0",
              },
            },
            "T": Object {
              "padding": Object {
                "bottom": "0",
                "left": "0",
                "right": "0",
                "top": "0",
              },
            },
          },
          "border": Object {
            "D": Object {
              "color": Object {
                "hex": "transparent",
                "name": "Transparent",
                "rgb": "",
                "shade": null,
              },
              "opacity": Object {
                "value": "1",
              },
              "radius": Object {
                "bottomLeft": "0",
                "bottomRight": "0",
                "topLeft": "0",
                "topRight": "0",
              },
              "width": Object {
                "bottom": "0",
                "left": "0",
                "right": "0",
                "top": "0",
              },
            },
            "M": Object {
              "color": Object {
                "hex": "transparent",
                "name": "Transparent",
                "rgb": "",
                "shade": null,
              },
              "opacity": Object {
                "value": "1",
              },
              "radius": Object {
                "bottomLeft": "0",
                "bottomRight": "0",
                "topLeft": "0",
                "topRight": "0",
              },
              "width": Object {
                "bottom": "0",
                "left": "0",
                "right": "0",
                "top": "0",
              },
            },
            "T": Object {
              "color": Object {
                "hex": "transparent",
                "name": "Transparent",
                "rgb": "",
                "shade": null,
              },
              "opacity": Object {
                "value": "1",
              },
              "radius": Object {
                "bottomLeft": "0",
                "bottomRight": "0",
                "topLeft": "0",
                "topRight": "0",
              },
              "width": Object {
                "bottom": "0",
                "left": "0",
                "right": "0",
                "top": "0",
              },
            },
          },
          "typography": Object {
            "D": Object {
              "color": Object {
                "hex": "#000000",
                "name": "black",
                "rgb": "0,0,0",
                "shade": null,
              },
              "font": Object {
                "family": null,
                "letterSpacing": "0",
                "lineHeight": null,
                "size": null,
                "style": null,
                "theme": "Paragraph",
                "typeface": null,
                "weight": null,
              },
              "opacity": Object {
                "value": "1",
              },
              "text": Object {
                "align": "left",
                "decoration": null,
                "transform": null,
              },
            },
            "M": Object {
              "color": Object {
                "hex": "#000000",
                "name": "black",
                "rgb": "0,0,0",
                "shade": null,
              },
              "font": Object {
                "family": null,
                "letterSpacing": "0",
                "lineHeight": null,
                "size": null,
                "style": null,
                "theme": "Paragraph",
                "typeface": null,
                "weight": null,
              },
              "opacity": Object {
                "value": "1",
              },
              "text": Object {
                "align": "left",
                "decoration": null,
                "transform": null,
              },
            },
            "T": Object {
              "color": Object {
                "hex": "#000000",
                "name": "black",
                "rgb": "0,0,0",
                "shade": null,
              },
              "font": Object {
                "family": null,
                "letterSpacing": "0",
                "lineHeight": null,
                "size": null,
                "style": null,
                "theme": "Paragraph",
                "typeface": null,
                "weight": null,
              },
              "opacity": Object {
                "value": "1",
              },
              "text": Object {
                "align": "left",
                "decoration": null,
                "transform": null,
              },
            },
          },
        },
      }
    }
    key="2"
    language={0}
  />
</styled__Container>
`;
